// Jest Snapshot v1, https://goo.gl/fbAQLP

exports[`Checkbox render correctly 1`] = `
<Checkbox
  indeterminate={true}
>
  <input
    id="eds-checkobx-1"
    type="checkbox"
  />
  <label
    htmlFor="eds-checkobx-1"
  >
    Checkbox
  </label>
</Checkbox>
`;
